{
    "PARABRICKS_MARKDUP - stub - wiring and output names": {
        "content": [
            {
                "0": [
                    [
                        {
                            "id": "test"
                        },
                        "test.markdup.bam:md5,d41d8cd98f00b204e9800998ecf8427e"
                    ]
                ],
                "1": [
                    [
                        {
                            "id": "test"
                        },
                        "test.dup_metrics.txt:md5,d41d8cd98f00b204e9800998ecf8427e"
                    ]
                ],
                "bam": [
                    [
                        {
                            "id": "test"
                        },
                        "test.markdup.bam:md5,d41d8cd98f00b204e9800998ecf8427e"
                    ]
                ],
                "dup_metrics": [
                    [
                        {
                            "id": "test"
                        },
                        "test.dup_metrics.txt:md5,d41d8cd98f00b204e9800998ecf8427e"
                    ]
                ]
            }
        ],
        "meta": {
            "nf-test": "0.9.3",
            "nextflow": "26.04.6"
        },
        "timestamp": "2026-09-15T14:05:16.68916"
    }
}